{
  "Label": null,
  "Path": null,
  "Data": {
    "allPeople": [
      {
        "id": "553a403ccd684c7da2ecfea6428cb7c9",
        "name": "Test name",
        "supervisorId": null,
        "supervisor": null
      }
    ]
  },
  "Errors": null,
  "Extensions": null,
  "ContextData": null,
  "HasNext": null
}
